[2025-11-29 08:49:31,197]: INFO: >>>>>> stage Data Ingestion stage started <<<<<<
[2025-11-29 08:49:31,199]: INFO: yaml file: config/config.yaml loaded successfully
[2025-11-29 08:49:31,199]: INFO: yaml file: params.yaml loaded successfully
[2025-11-29 08:49:31,200]: ERROR: yaml file is empty
Traceback (most recent call last):
  File "/workspaces/chicken-disease-classification/src/cnnClassifier/utils/common.py", line 34, in read_yaml
    return ConfigBox(content)
           ^^^^^^^^^^^^^^^^^^
  File "box/box.py", line 295, in box.box.Box.__init__
box.exceptions.BoxValueError: First argument must be mapping or iterable

During handling of the above exception, another exception occurred:

Traceback (most recent call last):
  File "/workspaces/chicken-disease-classification/src/cnnClassifier/pipeline/stage_01_data_ingestion.py", line 26, in <module>
    obj.main()
  File "/workspaces/chicken-disease-classification/src/cnnClassifier/pipeline/stage_01_data_ingestion.py", line 13, in main
    config = ConfigurationManager()
             ^^^^^^^^^^^^^^^^^^^^^^
  File "/workspaces/chicken-disease-classification/src/cnnClassifier/config/configuration.py", line 20, in __init__
    self.params = read_yaml(params_filepath)
                  ^^^^^^^^^^^^^^^^^^^^^^^^^^
  File "/usr/local/python/3.12.1/lib/python3.12/site-packages/ensure/main.py", line 872, in __call__
    return_val = self.f(*args, **kwargs)
                 ^^^^^^^^^^^^^^^^^^^^^^^
  File "/workspaces/chicken-disease-classification/src/cnnClassifier/utils/common.py", line 36, in read_yaml
    raise ValueError("yaml file is empty")
ValueError: yaml file is empty
